(define world "world")
(string-append "hello " (format "~a" world))