(define format (lambda (x y) 5))
(format "~a" (+ 2 3))
